app/api/admin/sovereign/masarat/route.ts(2,40): error TS2307: Cannot find module '../../../../_lib/supabaseAdmin' or its corresponding type declarations.
app/api/v1/masarat/analyze/route.ts(2,40): error TS2307: Cannot find module '../../../../_lib/supabaseAdmin' or its corresponding type declarations.
src/modules/map/store/map.store.ts(952,20): error TS7006: Parameter 'nodeId' implicitly has an 'any' type.
src/modules/meta/AppSidebar.tsx(328,47): error TS2551: Property 'archiveMission' does not exist on type 'MapState'. Did you mean 'unarchiveMission'?
