src/modules/action/DynamicRecoveryPlan.tsx(14,43): error TS2305: Module '"@/utils/pathGenerator"' has no exported member 'RelationshipRole'.
